
===========================================================================
report_checks -unconstrained
===========================================================================
======================= nom_ff_n40C_1v95 Corner ===================================

Startpoint: select[1] (input port clocked by clk)
Endpoint: _19_ (rising edge-triggered flip-flop clocked by clk)
Path Group: clk
Path Type: max

Fanout         Cap        Slew       Delay        Time   Description
---------------------------------------------------------------------------------------------
                      0.150000    0.000000    0.000000   clock clk (rise edge)
                                  0.000000    0.000000   clock network delay (ideal)
                                  5.000000    5.000000 ^ input external delay
     6    0.025671    0.091987    0.061898    5.061898 ^ select[1] (in)
                                                         select[1] (net)
                      0.091987    0.000000    5.061898 ^ _14_/S (sky130_fd_sc_hd__mux2_1)
     1    0.002207    0.036595    0.185155    5.247052 v _14_/X (sky130_fd_sc_hd__mux2_1)
                                                         _08_ (net)
                      0.036595    0.000000    5.247052 v _15_/A2 (sky130_fd_sc_hd__a21o_2)
     1    0.001783    0.022676    0.126645    5.373697 v _15_/X (sky130_fd_sc_hd__a21o_2)
                                                         _01_ (net)
                      0.022676    0.000000    5.373697 v _19_/D (sky130_fd_sc_hd__dfxtp_2)
                                              5.373697   data arrival time

                      0.150000   25.000000   25.000000   clock clk (rise edge)
                                  0.000000   25.000000   clock network delay (ideal)
                                 -0.250000   24.750000   clock uncertainty
                                  0.000000   24.750000   clock reconvergence pessimism
                                             24.750000 ^ _19_/CLK (sky130_fd_sc_hd__dfxtp_2)
                                 -0.056555   24.693445   library setup time
                                             24.693445   data required time
---------------------------------------------------------------------------------------------
                                             24.693445   data required time
                                             -5.373697   data arrival time
---------------------------------------------------------------------------------------------
                                             19.319746   slack (MET)




===========================================================================
report_checks --slack_max -0.01
============================================================================
======================= nom_ff_n40C_1v95 Corner ===================================

No paths found.


===========================================================================
 report_check_types -max_slew -max_cap -max_fanout -violators
============================================================================
======================= nom_ff_n40C_1v95 Corner ===================================



===========================================================================
report_parasitic_annotation -report_unannotated
============================================================================
Found 24 unannotated drivers.
 clk
 d_in[0]
 d_in[1]
 d_in[2]
 d_in[3]
 select[0]
 select[1]
 _09_/Y
 _10_/Y
 _11_/X
 _12_/X
 _13_/X
 _14_/X
 _15_/X
 _16_/X
 _17_/X
 _18_/Q
 _19_/Q
 _20_/Q
 _21_/Q
 _22_/X
 _23_/X
 _24_/X
 _25_/X
Found 0 partially unannotated drivers.

===========================================================================
max slew violation count 0
max fanout violation count 0
max cap violation count 0
============================================================================

===========================================================================
check_setup -verbose -unconstrained_endpoints -multiple_clock -no_clock -no_input_delay -loops -generated_clocks
===========================================================================
