
===========================================================================
 report_power
============================================================================
======================= nom_tt_025C_1v80 Corner ===================================

Group                    Internal    Switching      Leakage        Total
                            Power        Power        Power        Power (Watts)
------------------------------------------------------------------------
Sequential           7.298364e-06 3.793613e-07 3.437714e-11 7.677760e-06  66.3%
Combinational        1.767765e-06 2.128142e-06 6.515859e-11 3.895972e-06  33.7%
Clock                0.000000e+00 0.000000e+00 0.000000e+00 0.000000e+00   0.0%
Macro                0.000000e+00 0.000000e+00 0.000000e+00 0.000000e+00   0.0%
Pad                  0.000000e+00 0.000000e+00 0.000000e+00 0.000000e+00   0.0%
------------------------------------------------------------------------
Total                9.066128e-06 2.507503e-06 9.953572e-11 1.157373e-05 100.0%
                            78.3%        21.7%         0.0%

