
===========================================================================
 report_power
============================================================================
======================= nom_ss_100C_1v60 Corner ===================================

Group                    Internal    Switching      Leakage        Total
                            Power        Power        Power        Power (Watts)
------------------------------------------------------------------------
Sequential           5.671332e-06 2.916935e-07 6.174847e-08 6.024774e-06  65.4%
Combinational        1.420572e-06 1.676716e-06 9.047812e-08 3.187766e-06  34.6%
Clock                0.000000e+00 0.000000e+00 0.000000e+00 0.000000e+00   0.0%
Macro                0.000000e+00 0.000000e+00 0.000000e+00 0.000000e+00   0.0%
Pad                  0.000000e+00 0.000000e+00 0.000000e+00 0.000000e+00   0.0%
------------------------------------------------------------------------
Total                7.091904e-06 1.968410e-06 1.522266e-07 9.212540e-06 100.0%
                            77.0%        21.4%         1.7%

